// Jest Snapshot v1, https://goo.gl/fbAQLP

exports[`Components test Render NavLinks 1`] = `<navTest />`;
